// Jest Snapshot v1, https://goo.gl/fbAQLP

exports[`<HeaderContainer /> Test Cases Snapshot test should pass 1`] = `
<div
  className="Card-sc-fb64gk-0 HeaderContainer__StyledHeaderContainer-sc-qzjzla-0 leCJCh"
  data-testid="HeaderContainer"
/>
`;
