// Jest Snapshot v1, https://goo.gl/fbAQLP

exports[`<HelloWorld /> Test Cases Snapshot test should pass 1`] = `
<div
  className="Card-sc-fb64gk-0 leCJCh"
/>
`;
