// Jest Snapshot v1, https://goo.gl/fbAQLP

exports[`<MainTopContainer /> Test Cases Snapshot test should pass 1`] = `
<div
  className="Card-sc-fb64gk-0 MainTopContainer__StyledMainTopContainer-sc-1xkxhaz-0 leCJCh iTDUAQ"
  data-testid="MainTopContainer"
/>
`;
