// Jest Snapshot v1, https://goo.gl/fbAQLP

exports[`<Main /> Test Cases Snapshot test should pass 1`] = `
<div
  className="Card-sc-fb64gk-0 Main__StyledMain-sc-1dp5ny9-0 leCJCh bjRylP"
  data-testid="Main"
/>
`;
